2026-09-11T17:15:06.957+0900 [DEBUG] [org.gradle.launcher.daemon.bootstrap.DaemonMain] Assuming the daemon was started with following jvm opts: [-XX:MaxMetaspaceSize=384m, -XX:+HeapDumpOnOutOfMemoryError, -Xms256m, -Xmx512m, -Dfile.encoding=UTF-8, -Duser.country=KR, -Duser.language=ko, -Duser.variant]
2026-09-11T17:15:07.038+0900 [DEBUG] [org.gradle.internal.remote.internal.inet.InetAddresses] Adding IP addresses for network interface Intel(R) Ethernet Connection (17) I219-V-WFP Native MAC Layer LightWeight Filter-0000
2026-09-11T17:15:07.039+0900 [DEBUG] [org.gradle.internal.remote.internal.inet.InetAddresses] Is this a loopback interface? false
2026-09-11T17:15:07.046+0900 [DEBUG] [org.gradle.internal.remote.internal.inet.InetAddresses] Adding IP addresses for network interface Intel(R) Ethernet Connection (17) I219-V-QoS Packet Scheduler-0000
2026-09-11T17:15:07.047+0900 [DEBUG] [org.gradle.internal.remote.internal.inet.InetAddresses] Is this a loopback interface? false
2026-09-11T17:15:07.047+0900 [DEBUG] [org.gradle.internal.remote.internal.inet.InetAddresses] Adding IP addresses for network interface Intel(R) Ethernet Connection (17) I219-V-WFP 802.3 MAC Layer LightWeight Filter-0000
2026-09-11T17:15:07.047+0900 [DEBUG] [org.gradle.internal.remote.internal.inet.InetAddresses] Is this a loopback interface? false
2026-09-11T17:15:07.047+0900 [DEBUG] [org.gradle.internal.remote.internal.inet.InetAddresses] Adding IP addresses for network interface WAN Miniport (IP)-WFP Native MAC Layer LightWeight Filter-0000
2026-09-11T17:15:07.048+0900 [DEBUG] [org.gradle.internal.remote.internal.inet.InetAddresses] Is this a loopback interface? false
2026-09-11T17:15:07.048+0900 [DEBUG] [org.gradle.internal.remote.internal.inet.InetAddresses] Adding IP addresses for network interface WAN Miniport (IP)-QoS Packet Scheduler-0000
2026-09-11T17:15:07.048+0900 [DEBUG] [org.gradle.internal.remote.internal.inet.InetAddresses] Is this a loopback interface? false
2026-09-11T17:15:07.048+0900 [DEBUG] [org.gradle.internal.remote.internal.inet.InetAddresses] Adding IP addresses for network interface WAN Miniport (IPv6)-WFP Native MAC Layer LightWeight Filter-0000
2026-09-11T17:15:07.048+0900 [DEBUG] [org.gradle.internal.remote.internal.inet.InetAddresses] Is this a loopback interface? false
2026-09-11T17:15:07.048+0900 [DEBUG] [org.gradle.internal.remote.internal.inet.InetAddresses] Adding IP addresses for network interface WAN Miniport (IPv6)-QoS Packet Scheduler-0000
2026-09-11T17:15:07.049+0900 [DEBUG] [org.gradle.internal.remote.internal.inet.InetAddresses] Is this a loopback interface? false
2026-09-11T17:15:07.049+0900 [DEBUG] [org.gradle.internal.remote.internal.inet.InetAddresses] Adding IP addresses for network interface WAN Miniport (Network Monitor)-WFP Native MAC Layer LightWeight Filter-0000
2026-09-11T17:15:07.049+0900 [DEBUG] [org.gradle.internal.remote.internal.inet.InetAddresses] Is this a loopback interface? false
2026-09-11T17:15:07.049+0900 [DEBUG] [org.gradle.internal.remote.internal.inet.InetAddresses] Adding IP addresses for network interface WAN Miniport (Network Monitor)-QoS Packet Scheduler-0000
2026-09-11T17:15:07.050+0900 [DEBUG] [org.gradle.internal.remote.internal.inet.InetAddresses] Is this a loopback interface? false
2026-09-11T17:15:07.050+0900 [DEBUG] [org.gradle.internal.remote.internal.inet.InetAddresses] Adding IP addresses for network interface Hyper-V Virtual Switch Extension Adapter-Hyper-V Virtual Switch Extension Filter-0000
2026-09-11T17:15:07.050+0900 [DEBUG] [org.gradle.internal.remote.internal.inet.InetAddresses] Is this a loopback interface? false
2026-09-11T17:15:07.050+0900 [DEBUG] [org.gradle.internal.remote.internal.inet.InetAddresses] Adding IP addresses for network interface Hyper-V Virtual Switch Extension Adapter-Virtual Filtering Platform VMSwitch Extension-0000
2026-09-11T17:15:07.050+0900 [DEBUG] [org.gradle.internal.remote.internal.inet.InetAddresses] Is this a loopback interface? false
2026-09-11T17:15:07.050+0900 [DEBUG] [org.gradle.internal.remote.internal.inet.InetAddresses] Adding IP addresses for network interface Hyper-V Virtual Ethernet Adapter-WFP Native MAC Layer LightWeight Filter-0000
2026-09-11T17:15:07.051+0900 [DEBUG] [org.gradle.internal.remote.internal.inet.InetAddresses] Is this a loopback interface? false
2026-09-11T17:15:07.051+0900 [DEBUG] [org.gradle.internal.remote.internal.inet.InetAddresses] Adding IP addresses for network interface Hyper-V Virtual Ethernet Adapter-QoS Packet Scheduler-0000
2026-09-11T17:15:07.051+0900 [DEBUG] [org.gradle.internal.remote.internal.inet.InetAddresses] Is this a loopback interface? false
2026-09-11T17:15:07.052+0900 [DEBUG] [org.gradle.internal.remote.internal.inet.InetAddresses] Adding IP addresses for network interface Hyper-V Virtual Ethernet Adapter-WFP 802.3 MAC Layer LightWeight Filter-0000
2026-09-11T17:15:07.052+0900 [DEBUG] [org.gradle.internal.remote.internal.inet.InetAddresses] Is this a loopback interface? false
2026-09-11T17:15:07.052+0900 [DEBUG] [org.gradle.internal.remote.internal.inet.InetAddresses] Adding IP addresses for network interface Microsoft Kernel Debug Network Adapter
2026-09-11T17:15:07.052+0900 [DEBUG] [org.gradle.internal.remote.internal.inet.InetAddresses] Is this a loopback interface? false
2026-09-11T17:15:07.052+0900 [DEBUG] [org.gradle.internal.remote.internal.inet.InetAddresses] Adding IP addresses for network interface Intel(R) Ethernet Connection (17) I219-V
2026-09-11T17:15:07.053+0900 [DEBUG] [org.gradle.internal.remote.internal.inet.InetAddresses] Is this a loopback interface? false
2026-09-11T17:15:07.053+0900 [DEBUG] [org.gradle.internal.remote.internal.inet.InetAddresses] Adding remote address /fe80:0:0:0:ecbb:6ce3:184:f43d%ethernet_32769
2026-09-11T17:15:07.053+0900 [DEBUG] [org.gradle.internal.remote.internal.inet.InetAddresses] Adding remote address /192.168.3.205
2026-09-11T17:15:07.053+0900 [DEBUG] [org.gradle.internal.remote.internal.inet.InetAddresses] Adding IP addresses for network interface WAN Miniport (IP)
2026-09-11T17:15:07.053+0900 [DEBUG] [org.gradle.internal.remote.internal.inet.InetAddresses] Is this a loopback interface? false
2026-09-11T17:15:07.053+0900 [DEBUG] [org.gradle.internal.remote.internal.inet.InetAddresses] Adding IP addresses for network interface WAN Miniport (IPv6)
2026-09-11T17:15:07.054+0900 [DEBUG] [org.gradle.internal.remote.internal.inet.InetAddresses] Is this a loopback interface? false
2026-09-11T17:15:07.054+0900 [DEBUG] [org.gradle.internal.remote.internal.inet.InetAddresses] Adding IP addresses for network interface WAN Miniport (Network Monitor)
2026-09-11T17:15:07.054+0900 [DEBUG] [org.gradle.internal.remote.internal.inet.InetAddresses] Is this a loopback interface? false
2026-09-11T17:15:07.054+0900 [DEBUG] [org.gradle.internal.remote.internal.inet.InetAddresses] Adding IP addresses for network interface Bluetooth Device (Personal Area Network)
2026-09-11T17:15:07.054+0900 [DEBUG] [org.gradle.internal.remote.internal.inet.InetAddresses] Is this a loopback interface? false
2026-09-11T17:15:07.055+0900 [DEBUG] [org.gradle.internal.remote.internal.inet.InetAddresses] Adding IP addresses for network interface Hyper-V Virtual Switch Extension Adapter
2026-09-11T17:15:07.055+0900 [DEBUG] [org.gradle.internal.remote.internal.inet.InetAddresses] Is this a loopback interface? false
2026-09-11T17:15:07.055+0900 [DEBUG] [org.gradle.internal.remote.internal.inet.InetAddresses] Adding IP addresses for network interface Hyper-V Virtual Ethernet Adapter
2026-09-11T17:15:07.055+0900 [DEBUG] [org.gradle.internal.remote.internal.inet.InetAddresses] Is this a loopback interface? false
2026-09-11T17:15:07.055+0900 [DEBUG] [org.gradle.internal.remote.internal.inet.InetAddresses] Adding remote address /fe80:0:0:0:6238:e221:6359:99ed%ethernet_32775
2026-09-11T17:15:07.055+0900 [DEBUG] [org.gradle.internal.remote.internal.inet.InetAddresses] Adding remote address /172.28.48.1
2026-09-11T17:15:07.056+0900 [DEBUG] [org.gradle.internal.remote.internal.inet.InetAddresses] Adding IP addresses for network interface WAN Miniport (PPPOE)
2026-09-11T17:15:07.056+0900 [DEBUG] [org.gradle.internal.remote.internal.inet.InetAddresses] Is this a loopback interface? false
2026-09-11T17:15:07.056+0900 [DEBUG] [org.gradle.internal.remote.internal.inet.InetAddresses] Adding IP addresses for network interface Software Loopback Interface 1
2026-09-11T17:15:07.056+0900 [DEBUG] [org.gradle.internal.remote.internal.inet.InetAddresses] Is this a loopback interface? true
2026-09-11T17:15:07.056+0900 [DEBUG] [org.gradle.internal.remote.internal.inet.InetAddresses] Adding loopback address /0:0:0:0:0:0:0:1
2026-09-11T17:15:07.056+0900 [DEBUG] [org.gradle.internal.remote.internal.inet.InetAddresses] Adding loopback address /127.0.0.1
2026-09-11T17:15:07.057+0900 [DEBUG] [org.gradle.internal.remote.internal.inet.InetAddresses] Adding IP addresses for network interface Microsoft Teredo Tunneling Adapter
2026-09-11T17:15:07.057+0900 [DEBUG] [org.gradle.internal.remote.internal.inet.InetAddresses] Is this a loopback interface? false
2026-09-11T17:15:07.057+0900 [DEBUG] [org.gradle.internal.remote.internal.inet.InetAddresses] Adding IP addresses for network interface Microsoft IP-HTTPS Platform Adapter
2026-09-11T17:15:07.057+0900 [DEBUG] [org.gradle.internal.remote.internal.inet.InetAddresses] Is this a loopback interface? false
2026-09-11T17:15:07.057+0900 [DEBUG] [org.gradle.internal.remote.internal.inet.InetAddresses] Adding IP addresses for network interface Microsoft 6to4 Adapter
2026-09-11T17:15:07.057+0900 [DEBUG] [org.gradle.internal.remote.internal.inet.InetAddresses] Is this a loopback interface? false
2026-09-11T17:15:07.057+0900 [DEBUG] [org.gradle.internal.remote.internal.inet.InetAddresses] Adding IP addresses for network interface WAN Miniport (SSTP)
2026-09-11T17:15:07.057+0900 [DEBUG] [org.gradle.internal.remote.internal.inet.InetAddresses] Is this a loopback interface? false
2026-09-11T17:15:07.058+0900 [DEBUG] [org.gradle.internal.remote.internal.inet.InetAddresses] Adding IP addresses for network interface WAN Miniport (IKEv2)
2026-09-11T17:15:07.058+0900 [DEBUG] [org.gradle.internal.remote.internal.inet.InetAddresses] Is this a loopback interface? false
2026-09-11T17:15:07.058+0900 [DEBUG] [org.gradle.internal.remote.internal.inet.InetAddresses] Adding IP addresses for network interface WAN Miniport (L2TP)
2026-09-11T17:15:07.059+0900 [DEBUG] [org.gradle.internal.remote.internal.inet.InetAddresses] Is this a loopback interface? false
2026-09-11T17:15:07.059+0900 [DEBUG] [org.gradle.internal.remote.internal.inet.InetAddresses] Adding IP addresses for network interface WAN Miniport (PPTP)
2026-09-11T17:15:07.059+0900 [DEBUG] [org.gradle.internal.remote.internal.inet.InetAddresses] Is this a loopback interface? false
2026-09-11T17:15:07.081+0900 [INFO] [org.gradle.launcher.daemon.server.Daemon] start() called on daemon - DefaultDaemonContext[uid=b6636e02-ad50-4711-bdce-177b30d9d151,javaHome=C:\Program Files\Java\jdk-21.0.12,javaVersion=21,javaVendor=Oracle Corporation,daemonRegistryDir=C:\workspace-sts-5.3.0\bankaccount\.gradle-user\daemon,pid=18520,idleTimeout=10800000,priority=NORMAL,applyInstrumentationAgent=true,nativeServicesMode=ENABLED,daemonOpts=-XX:MaxMetaspaceSize=384m,-XX:+HeapDumpOnOutOfMemoryError,-Xms256m,-Xmx512m,-Dfile.encoding=UTF-8,-Duser.country=KR,-Duser.language=ko,-Duser.variant]
2026-09-11T17:15:07.107+0900 [DEBUG] [org.gradle.internal.remote.internal.inet.TcpIncomingConnector] Listening on [65672acf-6178-4f03-8db1-db332ad503f0 port:62093, addresses:[localhost/127.0.0.1]].
2026-09-11T17:15:07.114+0900 [DEBUG] [org.gradle.launcher.daemon.server.Daemon] Daemon starting at: Fri Sep 11 17:15:07 KST 2026, with address: [65672acf-6178-4f03-8db1-db332ad503f0 port:62093, addresses:[localhost/127.0.0.1]]
2026-09-11T17:15:07.114+0900 [INFO] [org.gradle.launcher.daemon.server.DaemonRegistryUpdater] Advertising the daemon address to the clients: [65672acf-6178-4f03-8db1-db332ad503f0 port:62093, addresses:[localhost/127.0.0.1]]
2026-09-11T17:15:07.114+0900 [DEBUG] [org.gradle.launcher.daemon.server.DaemonRegistryUpdater] Advertised daemon context: DefaultDaemonContext[uid=b6636e02-ad50-4711-bdce-177b30d9d151,javaHome=C:\Program Files\Java\jdk-21.0.12,javaVersion=21,javaVendor=Oracle Corporation,daemonRegistryDir=C:\workspace-sts-5.3.0\bankaccount\.gradle-user\daemon,pid=18520,idleTimeout=10800000,priority=NORMAL,applyInstrumentationAgent=true,nativeServicesMode=ENABLED,daemonOpts=-XX:MaxMetaspaceSize=384m,-XX:+HeapDumpOnOutOfMemoryError,-Xms256m,-Xmx512m,-Dfile.encoding=UTF-8,-Duser.country=KR,-Duser.language=ko,-Duser.variant]
2026-09-11T17:15:07.115+0900 [DEBUG] [org.gradle.launcher.daemon.registry.PersistentDaemonRegistry] Storing daemon address: [65672acf-6178-4f03-8db1-db332ad503f0 port:62093, addresses:[localhost/127.0.0.1]], context: DefaultDaemonContext[uid=b6636e02-ad50-4711-bdce-177b30d9d151,javaHome=C:\Program Files\Java\jdk-21.0.12,javaVersion=21,javaVendor=Oracle Corporation,daemonRegistryDir=C:\workspace-sts-5.3.0\bankaccount\.gradle-user\daemon,pid=18520,idleTimeout=10800000,priority=NORMAL,applyInstrumentationAgent=true,nativeServicesMode=ENABLED,daemonOpts=-XX:MaxMetaspaceSize=384m,-XX:+HeapDumpOnOutOfMemoryError,-Xms256m,-Xmx512m,-Dfile.encoding=UTF-8,-Duser.country=KR,-Duser.language=ko,-Duser.variant]
2026-09-11T17:15:07.126+0900 [DEBUG] [org.gradle.cache.internal.DefaultFileLockManager] Waiting to acquire exclusive lock on daemon addresses registry.
2026-09-11T17:15:07.128+0900 [DEBUG] [org.gradle.cache.internal.DefaultFileLockManager] Lock acquired on daemon addresses registry.
2026-09-11T17:15:07.131+0900 [DEBUG] [org.gradle.cache.internal.DefaultFileLockManager] Releasing lock on daemon addresses registry.
2026-09-11T17:15:07.131+0900 [LIFECYCLE] [org.gradle.launcher.daemon.server.Daemon] Daemon server started.
2026-09-11T17:15:07.132+0900 [DEBUG] [org.gradle.launcher.daemon.bootstrap.DaemonStartupCommunication] Completed writing the daemon greeting. Closing streams...
2026-09-11T17:15:07.137+0900 [DEBUG] [org.gradle.launcher.daemon.server.Daemon] stopOnExpiration() called on daemon
2026-09-11T17:15:07.137+0900 [DEBUG] [org.gradle.launcher.daemon.server.Daemon] awaitExpiration() called on daemon
2026-09-11T17:15:07.138+0900 [DEBUG] [org.gradle.launcher.daemon.server.DaemonStateCoordinator] daemon is running. Sleeping until state changes.
2026-09-11T17:15:07.149+0900 [DEBUG] [org.gradle.internal.remote.internal.inet.TcpIncomingConnector] Accepted connection from /127.0.0.1:62094 to /127.0.0.1:62093.
2026-09-11T17:15:07.190+0900 [DEBUG] [org.gradle.launcher.daemon.server.SynchronizedDispatchConnection] thread 41: received class org.gradle.launcher.daemon.protocol.Build
2026-09-11T17:15:07.190+0900 [DEBUG] [org.gradle.launcher.daemon.server.DefaultDaemonConnection] thread 41: Received non-IO message from client: Build{id=6b4d81cb-32ce-467f-93a3-9a4f56b696af, currentDir=C:\workspace-sts-5.3.0\bankaccount}
2026-09-11T17:15:07.191+0900 [INFO] [org.gradle.launcher.daemon.server.DefaultIncomingConnectionHandler] Received command: Build{id=6b4d81cb-32ce-467f-93a3-9a4f56b696af, currentDir=C:\workspace-sts-5.3.0\bankaccount}.
2026-09-11T17:15:07.191+0900 [DEBUG] [org.gradle.launcher.daemon.server.DefaultIncomingConnectionHandler] Starting executing command: Build{id=6b4d81cb-32ce-467f-93a3-9a4f56b696af, currentDir=C:\workspace-sts-5.3.0\bankaccount} with connection: socket connection from /127.0.0.1:62093 to /127.0.0.1:62094.
2026-09-11T17:15:07.192+0900 [DEBUG] [org.gradle.launcher.daemon.server.DaemonStateCoordinator] Command execution: started DaemonCommandExecution[command = Build{id=6b4d81cb-32ce-467f-93a3-9a4f56b696af, currentDir=C:\workspace-sts-5.3.0\bankaccount}, connection = DefaultDaemonConnection: socket connection from /127.0.0.1:62093 to /127.0.0.1:62094] after 0.0014333333333333331 minutes of idle
2026-09-11T17:15:07.192+0900 [INFO] [org.gradle.launcher.daemon.server.DaemonRegistryUpdater] Marking the daemon as busy, address: [65672acf-6178-4f03-8db1-db332ad503f0 port:62093, addresses:[localhost/127.0.0.1]]
2026-09-11T17:15:07.192+0900 [DEBUG] [org.gradle.launcher.daemon.registry.PersistentDaemonRegistry] Marking busy by address: [65672acf-6178-4f03-8db1-db332ad503f0 port:62093, addresses:[localhost/127.0.0.1]]
2026-09-11T17:15:07.193+0900 [DEBUG] [org.gradle.cache.internal.DefaultFileLockManager] Waiting to acquire exclusive lock on daemon addresses registry.
2026-09-11T17:15:07.193+0900 [DEBUG] [org.gradle.cache.internal.DefaultFileLockManager] Lock acquired on daemon addresses registry.
2026-09-11T17:15:07.194+0900 [DEBUG] [org.gradle.cache.internal.DefaultFileLockManager] Releasing lock on daemon addresses registry.
2026-09-11T17:15:07.194+0900 [DEBUG] [org.gradle.launcher.daemon.server.DaemonStateCoordinator] resetting idle timer
2026-09-11T17:15:07.194+0900 [DEBUG] [org.gradle.launcher.daemon.server.DaemonStateCoordinator] daemon is running. Sleeping until state changes.
2026-09-11T17:15:07.194+0900 [INFO] [org.gradle.launcher.daemon.server.exec.StartBuildOrRespondWithBusy] Daemon is about to start building Build{id=6b4d81cb-32ce-467f-93a3-9a4f56b696af, currentDir=C:\workspace-sts-5.3.0\bankaccount}. Dispatching build started information...
2026-09-11T17:15:07.194+0900 [DEBUG] [org.gradle.launcher.daemon.server.SynchronizedDispatchConnection] thread 43: dispatching org.gradle.launcher.daemon.protocol.BuildStarted@58e88984
2026-09-11T17:15:07.196+0900 [DEBUG] [org.gradle.launcher.daemon.server.exec.LogToClient] About to start relaying all logs to the client via the connection.
2026-09-11T17:15:07.196+0900 [INFO] [org.gradle.launcher.daemon.server.exec.LogToClient] The client will now receive all logging from the daemon (pid: 18520). The daemon log file: C:\workspace-sts-5.3.0\bankaccount\.gradle-user\daemon\9.7.1\daemon-18520.out.log
2026-09-11T17:15:07.196+0900 [DEBUG] [org.gradle.launcher.daemon.server.exec.ApplyClientEnvironmentVariables] Configuring env variables: [configsetroot, USERDOMAIN_ROAMINGPROFILE, PROCESSOR_LEVEL, GIT_PAGER, ALLUSERSPROFILE, CODEX_MCP_NODE_PATH, PROCESSOR_ARCHITECTURE, PSModulePath, SystemDrive, GH_PAGER, CODEX_APP_TOOLS_PIPE_PATH, COLORTERM, USERNAME, AWS_SECRET_KEY, ProgramFiles(x86), CODEX_INTERNAL_ORIGINATOR_OVERRIDE, CODEX_SAGE_BACKFILL_TRACKER_TAB_REUSE, CODEX_SANDBOX_NETWORK_DISABLED, PATHEXT, DriverData, PAGER, CATALINA_OPTS, CODEX_PERMISSION_PROFILE, LOG_FORMAT, ProgramData, ProgramW6432, HOMEPATH, LC_ALL, PROCESSOR_IDENTIFIER, ProgramFiles, PUBLIC, windir, LC_CTYPE, AWS_ACCESS_KEY, CODEX_SESSION_ID, LOCALAPPDATA, USERDOMAIN, LOGONSERVER, JAVA_HOME, PROMPT, RUST_LOG, TERM, LANG, OneDrive, =C:, APPDATA, GRADLE_USER_HOME, CODEX_THREAD_ID, NO_COLOR, CODEX_CI, CommonProgramFiles, Path, OS, COMPUTERNAME, PROCESSOR_REVISION, CLASSPATH, CommonProgramW6432, ComSpec, SystemRoot, TEMP, HOMEDRIVE, USERPROFILE, TMP, CommonProgramFiles(x86), NUMBER_OF_PROCESSORS]
2026-09-11T17:15:07.200+0900 [INFO] [org.gradle.launcher.daemon.server.exec.LogAndCheckHealth] Starting build in new daemon [memory: 512 MiB]
2026-09-11T17:15:07.203+0900 [DEBUG] [org.gradle.launcher.daemon.server.exec.ExecuteBuild] The daemon has started executing the build.
2026-09-11T17:15:07.203+0900 [DEBUG] [org.gradle.launcher.daemon.server.exec.ExecuteBuild] Executing build with daemon context: DefaultDaemonContext[uid=b6636e02-ad50-4711-bdce-177b30d9d151,javaHome=C:\Program Files\Java\jdk-21.0.12,javaVersion=21,javaVendor=Oracle Corporation,daemonRegistryDir=C:\workspace-sts-5.3.0\bankaccount\.gradle-user\daemon,pid=18520,idleTimeout=10800000,priority=NORMAL,applyInstrumentationAgent=true,nativeServicesMode=ENABLED,daemonOpts=-XX:MaxMetaspaceSize=384m,-XX:+HeapDumpOnOutOfMemoryError,-Xms256m,-Xmx512m,-Dfile.encoding=UTF-8,-Duser.country=KR,-Duser.language=ko,-Duser.variant]
Java HotSpot(TM) 64-Bit Server VM warning: Sharing is only supported for boot loader classes because bootstrap classpath has been appended

BUILD SUCCESSFUL in 12s
4 actionable tasks: 4 executed
Consider enabling configuration cache to speed up this build: https://docs.gradle.org/9.7.1/userguide/configuration_cache_enabling.html
2026-09-11T17:15:18.305+0900 [DEBUG] [org.gradle.launcher.daemon.server.exec.ExecuteBuild] The daemon has finished executing the build.
2026-09-11T17:15:18.320+0900 [DEBUG] [org.gradle.launcher.daemon.server.DaemonStateCoordinator] daemon is running. Sleeping until state changes.
2026-09-11T17:15:18.321+0900 [DEBUG] [org.gradle.launcher.daemon.server.DaemonStateCoordinator] Command execution: finished waiting for DaemonCommandExecution[command = Build{id=6b4d81cb-32ce-467f-93a3-9a4f56b696af, currentDir=C:\workspace-sts-5.3.0\bankaccount}, connection = DefaultDaemonConnection: socket connection from /127.0.0.1:62093 to /127.0.0.1:62094]. Result org.gradle.launcher.daemon.server.DaemonStateCoordinator@622bbd4c with state Busy
2026-09-11T17:15:18.321+0900 [DEBUG] [org.gradle.launcher.daemon.server.DaemonStateCoordinator] Command execution: completed DaemonCommandExecution[command = Build{id=6b4d81cb-32ce-467f-93a3-9a4f56b696af, currentDir=C:\workspace-sts-5.3.0\bankaccount}, connection = DefaultDaemonConnection: socket connection from /127.0.0.1:62093 to /127.0.0.1:62094]
2026-09-11T17:15:18.321+0900 [DEBUG] [org.gradle.launcher.daemon.server.DaemonStateCoordinator] resetting idle timer
2026-09-11T17:15:18.321+0900 [INFO] [org.gradle.launcher.daemon.server.DaemonRegistryUpdater] Marking the daemon as idle, address: [65672acf-6178-4f03-8db1-db332ad503f0 port:62093, addresses:[localhost/127.0.0.1]]
2026-09-11T17:15:18.321+0900 [DEBUG] [org.gradle.launcher.daemon.registry.PersistentDaemonRegistry] Marking busy by address: [65672acf-6178-4f03-8db1-db332ad503f0 port:62093, addresses:[localhost/127.0.0.1]]
2026-09-11T17:15:18.321+0900 [DEBUG] [org.gradle.cache.internal.DefaultFileLockManager] Waiting to acquire exclusive lock on daemon addresses registry.
2026-09-11T17:15:18.322+0900 [DEBUG] [org.gradle.cache.internal.DefaultFileLockManager] Lock acquired on daemon addresses registry.
2026-09-11T17:15:18.322+0900 [DEBUG] [org.gradle.cache.internal.DefaultFileLockManager] Releasing lock on daemon addresses registry.
2026-09-11T17:15:18.322+0900 [DEBUG] [org.gradle.launcher.daemon.server.DaemonStateCoordinator] daemon is running. Sleeping until state changes.
2026-09-11T17:15:18.322+0900 [DEBUG] [org.gradle.launcher.daemon.server.exec.ReturnResult] Daemon is dispatching the build result: Success[value=org.gradle.launcher.exec.BuildActionResult@1d23bdee]
2026-09-11T17:15:18.323+0900 [DEBUG] [org.gradle.launcher.daemon.server.SynchronizedDispatchConnection] thread 40: dispatching Success[value=org.gradle.launcher.exec.BuildActionResult@1d23bdee]
2026-09-11T17:15:18.323+0900 [DEBUG] [org.gradle.launcher.daemon.server.exec.CleanUpVirtualFileSystemAfterBuild] Cleaning virtual file system after build finished
2026-09-11T17:15:18.323+0900 [DEBUG] [org.gradle.launcher.daemon.server.DefaultIncomingConnectionHandler] Finishing executing command: Build{id=6b4d81cb-32ce-467f-93a3-9a4f56b696af, currentDir=C:\workspace-sts-5.3.0\bankaccount}
2026-09-11T17:15:18.323+0900 [DEBUG] [org.gradle.launcher.daemon.server.SynchronizedDispatchConnection] thread 41: received class org.gradle.launcher.daemon.protocol.CloseInput
2026-09-11T17:15:18.324+0900 [DEBUG] [org.gradle.launcher.daemon.server.DefaultDaemonConnection] thread 41: Received IO message from client: org.gradle.launcher.daemon.protocol.CloseInput@7419390a
2026-09-11T17:15:18.324+0900 [DEBUG] [org.gradle.launcher.daemon.server.SynchronizedDispatchConnection] thread 41: received class org.gradle.launcher.daemon.protocol.Finished
2026-09-11T17:15:18.324+0900 [DEBUG] [org.gradle.launcher.daemon.server.DefaultDaemonConnection] thread 41: Received non-IO message from client: org.gradle.launcher.daemon.protocol.Finished@6a267ac
2026-09-11T17:15:18.324+0900 [DEBUG] [org.gradle.internal.remote.internal.inet.SocketConnection] Discarding EOFException: java.io.EOFException
2026-09-11T17:15:18.324+0900 [DEBUG] [org.gradle.launcher.daemon.server.SynchronizedDispatchConnection] thread 41: received null
2026-09-11T17:15:18.324+0900 [DEBUG] [org.gradle.launcher.daemon.server.DefaultIncomingConnectionHandler] Received finished message: org.gradle.launcher.daemon.protocol.Finished@6a267ac
2026-09-11T17:15:18.324+0900 [DEBUG] [org.gradle.launcher.daemon.server.DefaultDaemonConnection] thread 41: Received end-of-input from client.
2026-09-11T17:15:18.324+0900 [DEBUG] [org.gradle.launcher.daemon.server.SynchronizedDispatchConnection] thread 40: stopping connection
2026-09-11T17:15:18.324+0900 [DEBUG] [org.gradle.launcher.daemon.server.SynchronizedDispatchConnection] thread 40: stopping connection
2026-09-11T17:15:27.142+0900 [DEBUG] [org.gradle.launcher.daemon.server.Daemon] Starting periodic daemon health check.
2026-09-11T17:15:27.151+0900 [DEBUG] [org.gradle.cache.internal.DefaultFileLockManager] Waiting to acquire shared lock on daemon addresses registry.
2026-09-11T17:15:27.151+0900 [DEBUG] [org.gradle.cache.internal.DefaultFileLockManager] Lock acquired on daemon addresses registry.
2026-09-11T17:15:27.152+0900 [DEBUG] [org.gradle.cache.internal.DefaultFileLockManager] Releasing lock on daemon addresses registry.
2026-09-11T17:15:27.153+0900 [DEBUG] [org.gradle.cache.internal.DefaultFileLockManager] Waiting to acquire shared lock on daemon addresses registry.
2026-09-11T17:15:27.153+0900 [DEBUG] [org.gradle.cache.internal.DefaultFileLockManager] Lock acquired on daemon addresses registry.
2026-09-11T17:15:27.153+0900 [DEBUG] [org.gradle.cache.internal.DefaultFileLockManager] Releasing lock on daemon addresses registry.
2026-09-11T17:15:27.153+0900 [DEBUG] [org.gradle.launcher.daemon.server.Daemon] Finished periodic daemon health check.
2026-09-11T17:15:37.145+0900 [DEBUG] [org.gradle.launcher.daemon.server.Daemon] Starting periodic daemon health check.
2026-09-11T17:15:37.147+0900 [DEBUG] [org.gradle.cache.internal.DefaultFileLockManager] Waiting to acquire shared lock on daemon addresses registry.
2026-09-11T17:15:37.147+0900 [DEBUG] [org.gradle.cache.internal.DefaultFileLockManager] Lock acquired on daemon addresses registry.
2026-09-11T17:15:37.147+0900 [DEBUG] [org.gradle.cache.internal.DefaultFileLockManager] Releasing lock on daemon addresses registry.
2026-09-11T17:15:37.149+0900 [DEBUG] [org.gradle.cache.internal.DefaultFileLockManager] Waiting to acquire shared lock on daemon addresses registry.
2026-09-11T17:15:37.149+0900 [DEBUG] [org.gradle.cache.internal.DefaultFileLockManager] Lock acquired on daemon addresses registry.
2026-09-11T17:15:37.150+0900 [DEBUG] [org.gradle.cache.internal.DefaultFileLockManager] Releasing lock on daemon addresses registry.
2026-09-11T17:15:37.150+0900 [DEBUG] [org.gradle.launcher.daemon.server.Daemon] Finished periodic daemon health check.
2026-09-11T17:15:47.153+0900 [DEBUG] [org.gradle.launcher.daemon.server.Daemon] Starting periodic daemon health check.
2026-09-11T17:15:47.154+0900 [DEBUG] [org.gradle.cache.internal.DefaultFileLockManager] Waiting to acquire shared lock on daemon addresses registry.
2026-09-11T17:15:47.154+0900 [DEBUG] [org.gradle.cache.internal.DefaultFileLockManager] Lock acquired on daemon addresses registry.
2026-09-11T17:15:47.154+0900 [DEBUG] [org.gradle.cache.internal.DefaultFileLockManager] Releasing lock on daemon addresses registry.
2026-09-11T17:15:47.155+0900 [DEBUG] [org.gradle.cache.internal.DefaultFileLockManager] Waiting to acquire shared lock on daemon addresses registry.
2026-09-11T17:15:47.155+0900 [DEBUG] [org.gradle.cache.internal.DefaultFileLockManager] Lock acquired on daemon addresses registry.
2026-09-11T17:15:47.155+0900 [DEBUG] [org.gradle.cache.internal.DefaultFileLockManager] Releasing lock on daemon addresses registry.
2026-09-11T17:15:47.155+0900 [DEBUG] [org.gradle.launcher.daemon.server.Daemon] Finished periodic daemon health check.
2026-09-11T17:15:47.533+0900 [DEBUG] [org.gradle.internal.remote.internal.inet.TcpIncomingConnector] Accepted connection from /127.0.0.1:62089 to /127.0.0.1:62093.
2026-09-11T17:15:47.559+0900 [DEBUG] [org.gradle.launcher.daemon.server.SynchronizedDispatchConnection] thread 163: received class org.gradle.launcher.daemon.protocol.Build
2026-09-11T17:15:47.559+0900 [DEBUG] [org.gradle.launcher.daemon.server.DefaultDaemonConnection] thread 163: Received non-IO message from client: Build{id=9cee20e8-6a32-4ae3-aeff-0f0a3212c413, currentDir=C:\workspace-sts-5.3.0\bankaccount}
2026-09-11T17:15:47.559+0900 [INFO] [org.gradle.launcher.daemon.server.DefaultIncomingConnectionHandler] Received command: Build{id=9cee20e8-6a32-4ae3-aeff-0f0a3212c413, currentDir=C:\workspace-sts-5.3.0\bankaccount}.
2026-09-11T17:15:47.560+0900 [DEBUG] [org.gradle.launcher.daemon.server.DefaultIncomingConnectionHandler] Starting executing command: Build{id=9cee20e8-6a32-4ae3-aeff-0f0a3212c413, currentDir=C:\workspace-sts-5.3.0\bankaccount} with connection: socket connection from /127.0.0.1:62093 to /127.0.0.1:62089.
2026-09-11T17:15:47.560+0900 [DEBUG] [org.gradle.launcher.daemon.server.DaemonStateCoordinator] Command execution: started DaemonCommandExecution[command = Build{id=9cee20e8-6a32-4ae3-aeff-0f0a3212c413, currentDir=C:\workspace-sts-5.3.0\bankaccount}, connection = DefaultDaemonConnection: socket connection from /127.0.0.1:62093 to /127.0.0.1:62089] after 0.4873 minutes of idle
2026-09-11T17:15:47.560+0900 [INFO] [org.gradle.launcher.daemon.server.DaemonRegistryUpdater] Marking the daemon as busy, address: [65672acf-6178-4f03-8db1-db332ad503f0 port:62093, addresses:[localhost/127.0.0.1]]
2026-09-11T17:15:47.560+0900 [DEBUG] [org.gradle.launcher.daemon.registry.PersistentDaemonRegistry] Marking busy by address: [65672acf-6178-4f03-8db1-db332ad503f0 port:62093, addresses:[localhost/127.0.0.1]]
2026-09-11T17:15:47.560+0900 [DEBUG] [org.gradle.cache.internal.DefaultFileLockManager] Waiting to acquire exclusive lock on daemon addresses registry.
2026-09-11T17:15:47.560+0900 [DEBUG] [org.gradle.cache.internal.DefaultFileLockManager] Lock acquired on daemon addresses registry.
2026-09-11T17:15:47.561+0900 [DEBUG] [org.gradle.cache.internal.DefaultFileLockManager] Releasing lock on daemon addresses registry.
2026-09-11T17:15:47.561+0900 [DEBUG] [org.gradle.launcher.daemon.server.DaemonStateCoordinator] resetting idle timer
2026-09-11T17:15:47.561+0900 [DEBUG] [org.gradle.launcher.daemon.server.DaemonStateCoordinator] daemon is running. Sleeping until state changes.
2026-09-11T17:15:47.561+0900 [INFO] [org.gradle.launcher.daemon.server.exec.StartBuildOrRespondWithBusy] Daemon is about to start building Build{id=9cee20e8-6a32-4ae3-aeff-0f0a3212c413, currentDir=C:\workspace-sts-5.3.0\bankaccount}. Dispatching build started information...
2026-09-11T17:15:47.561+0900 [DEBUG] [org.gradle.launcher.daemon.server.SynchronizedDispatchConnection] thread 43: dispatching org.gradle.launcher.daemon.protocol.BuildStarted@11c20ca0
2026-09-11T17:15:47.562+0900 [DEBUG] [org.gradle.launcher.daemon.server.exec.LogToClient] About to start relaying all logs to the client via the connection.
2026-09-11T17:15:47.562+0900 [INFO] [org.gradle.launcher.daemon.server.exec.LogToClient] The client will now receive all logging from the daemon (pid: 18520). The daemon log file: C:\workspace-sts-5.3.0\bankaccount\.gradle-user\daemon\9.7.1\daemon-18520.out.log
2026-09-11T17:15:47.562+0900 [DEBUG] [org.gradle.launcher.daemon.server.exec.ApplyClientEnvironmentVariables] Configuring env variables: [configsetroot, USERDOMAIN_ROAMINGPROFILE, PROCESSOR_LEVEL, GIT_PAGER, ALLUSERSPROFILE, CODEX_MCP_NODE_PATH, PROCESSOR_ARCHITECTURE, PSModulePath, SystemDrive, GH_PAGER, CODEX_APP_TOOLS_PIPE_PATH, COLORTERM, USERNAME, AWS_SECRET_KEY, ProgramFiles(x86), CODEX_INTERNAL_ORIGINATOR_OVERRIDE, CODEX_SAGE_BACKFILL_TRACKER_TAB_REUSE, CODEX_SANDBOX_NETWORK_DISABLED, PATHEXT, DriverData, PAGER, CATALINA_OPTS, CODEX_PERMISSION_PROFILE, LOG_FORMAT, ProgramData, ProgramW6432, HOMEPATH, LC_ALL, PROCESSOR_IDENTIFIER, ProgramFiles, PUBLIC, windir, LC_CTYPE, AWS_ACCESS_KEY, CODEX_SESSION_ID, LOCALAPPDATA, USERDOMAIN, LOGONSERVER, JAVA_HOME, PROMPT, RUST_LOG, TERM, LANG, OneDrive, =C:, APPDATA, GRADLE_USER_HOME, CODEX_THREAD_ID, NO_COLOR, CODEX_CI, CommonProgramFiles, Path, OS, COMPUTERNAME, PROCESSOR_REVISION, CLASSPATH, CommonProgramW6432, ComSpec, SystemRoot, TEMP, HOMEDRIVE, USERPROFILE, TMP, CommonProgramFiles(x86), NUMBER_OF_PROCESSORS]
2026-09-11T17:15:47.564+0900 [INFO] [org.gradle.launcher.daemon.server.exec.LogAndCheckHealth] Starting 2nd build in daemon [uptime: 40.568 secs, performance: 100%, GC rate: 0.00/s, heap usage: 2% of 512 MiB, non-heap usage: 19% of 384 MiB]
2026-09-11T17:15:47.564+0900 [DEBUG] [org.gradle.launcher.daemon.server.exec.ExecuteBuild] The daemon has started executing the build.
2026-09-11T17:15:47.564+0900 [DEBUG] [org.gradle.launcher.daemon.server.exec.ExecuteBuild] Executing build with daemon context: DefaultDaemonContext[uid=b6636e02-ad50-4711-bdce-177b30d9d151,javaHome=C:\Program Files\Java\jdk-21.0.12,javaVersion=21,javaVendor=Oracle Corporation,daemonRegistryDir=C:\workspace-sts-5.3.0\bankaccount\.gradle-user\daemon,pid=18520,idleTimeout=10800000,priority=NORMAL,applyInstrumentationAgent=true,nativeServicesMode=ENABLED,daemonOpts=-XX:MaxMetaspaceSize=384m,-XX:+HeapDumpOnOutOfMemoryError,-Xms256m,-Xmx512m,-Dfile.encoding=UTF-8,-Duser.country=KR,-Duser.language=ko,-Duser.variant]

  .   ____          _            __ _ _
 /\\ / ___'_ __ _ _(_)_ __  __ _ \ \ \ \
( ( )\___ | '_ | '_| | '_ \/ _` | \ \ \ \
 \\/  ___)| |_)| | | | | || (_| |  ) ) ) )
  '  |____| .__|_| |_|_| |_\__, | / / / /
 =========|_|==============|___/=/_/_/_/

 :: Spring Boot ::                (v4.0.8)

2026-09-11T17:15:48.903+09:00  INFO 23664 --- [bankaccount] [  restartedMain] k.o.o.b.BankaccountApplication           : Starting BankaccountApplication using Java 21.0.12 with PID 23664 (C:\workspace-sts-5.3.0\bankaccount\build\classes\java\main started by KOSA_L3 in C:\workspace-sts-5.3.0\bankaccount)
2026-09-11T17:15:48.908+09:00  INFO 23664 --- [bankaccount] [  restartedMain] k.o.o.b.BankaccountApplication           : No active profile set, falling back to 1 default profile: "default"
2026-09-11T17:15:48.932+09:00  INFO 23664 --- [bankaccount] [  restartedMain] o.s.b.devtools.restart.ChangeableUrls    : The Class-Path manifest attribute in C:\workspace-sts-5.3.0\bankaccount\.gradle-user\caches\modules-2\files-2.1\com.oracle.database.jdbc\ojdbc17\23.9.0.25.07\12ddfe1cc667101d89e5d5501fd12bf76f999c4f\ojdbc17-23.9.0.25.07.jar referenced one or more files that do not exist: file:/C:/workspace-sts-5.3.0/bankaccount/.gradle-user/caches/modules-2/files-2.1/com.oracle.database.jdbc/ojdbc17/23.9.0.25.07/12ddfe1cc667101d89e5d5501fd12bf76f999c4f/oraclepki.jar
2026-09-11T17:15:48.932+09:00  INFO 23664 --- [bankaccount] [  restartedMain] .e.DevToolsPropertyDefaultsPostProcessor : Devtools property defaults active! Set 'spring.devtools.add-properties' to 'false' to disable
2026-09-11T17:15:48.932+09:00  INFO 23664 --- [bankaccount] [  restartedMain] .e.DevToolsPropertyDefaultsPostProcessor : For additional web related logging consider setting the 'logging.level.web' property to 'DEBUG'
2026-09-11T17:15:49.423+09:00  INFO 23664 --- [bankaccount] [  restartedMain] o.s.boot.tomcat.TomcatWebServer          : Tomcat initialized with port 8080 (http)
2026-09-11T17:15:49.432+09:00  INFO 23664 --- [bankaccount] [  restartedMain] o.apache.catalina.core.StandardService   : Starting service [Tomcat]
2026-09-11T17:15:49.432+09:00  INFO 23664 --- [bankaccount] [  restartedMain] o.apache.catalina.core.StandardEngine    : Starting Servlet engine: [Apache Tomcat/11.0.24]
2026-09-11T17:15:49.454+09:00  INFO 23664 --- [bankaccount] [  restartedMain] b.w.c.s.WebApplicationContextInitializer : Root WebApplicationContext: initialization completed in 522 ms
2026-09-11T17:15:49.704+09:00  INFO 23664 --- [bankaccount] [  restartedMain] o.s.b.w.a.WelcomePageHandlerMapping      : Adding welcome page template: index
2026-09-11T17:15:49.852+09:00  INFO 23664 --- [bankaccount] [  restartedMain] o.s.boot.tomcat.TomcatWebServer          : Tomcat started on port 8080 (http) with context path '/'
2026-09-11T17:15:49.855+09:00  INFO 23664 --- [bankaccount] [  restartedMain] k.o.o.b.BankaccountApplication           : Started BankaccountApplication in 1.158 seconds (process running for 1.383)
2026-09-11T17:16:12.406+09:00  INFO 23664 --- [bankaccount] [nio-8080-exec-1] o.a.c.c.C.[Tomcat].[localhost].[/]       : Initializing Spring DispatcherServlet 'dispatcherServlet'
2026-09-11T17:16:12.406+09:00  INFO 23664 --- [bankaccount] [nio-8080-exec-1] o.s.web.servlet.DispatcherServlet        : Initializing Servlet 'dispatcherServlet'
2026-09-11T17:16:12.407+09:00  INFO 23664 --- [bankaccount] [nio-8080-exec-1] o.s.web.servlet.DispatcherServlet        : Completed initialization in 0 ms
2026-09-11T17:16:12.430+09:00  INFO 23664 --- [bankaccount] [nio-8080-exec-1] com.zaxxer.hikari.HikariDataSource       : HikariPool-1 - Starting...
2026-09-11T17:16:12.626+09:00  INFO 23664 --- [bankaccount] [nio-8080-exec-1] com.zaxxer.hikari.pool.HikariPool        : HikariPool-1 - Added connection oracle.jdbc.driver.T4CConnection@40a87a3
2026-09-11T17:16:12.627+09:00  INFO 23664 --- [bankaccount] [nio-8080-exec-1] com.zaxxer.hikari.HikariDataSource       : HikariPool-1 - Start completed.

FAILURE: Build failed with an exception.

* What went wrong:
Execution failed for task ':bootRun' (registered by plugin 'org.springframework.boot').
> Process 'command 'C:\Program Files\Java\jdk-21.0.12\bin\java.exe'' finished with non-zero exit value -1 (NTSTATUS 0xFFFFFFFF)

* Try:
> Run with --stacktrace option to get the stack trace.
> Run with --info or --debug option to get more log output.
> Run with --scan to get full insights from a Build Scan (powered by Develocity).
> Get more help at https://help.gradle.org.

BUILD FAILED in 47s
4 actionable tasks: 2 executed, 2 up-to-date
2026-09-11T17:16:34.974+0900 [DEBUG] [org.gradle.launcher.daemon.server.exec.ExecuteBuild] The daemon has finished executing the build.
2026-09-11T17:16:34.991+0900 [DEBUG] [org.gradle.launcher.daemon.server.DaemonStateCoordinator] daemon is running. Sleeping until state changes.
2026-09-11T17:16:34.991+0900 [DEBUG] [org.gradle.launcher.daemon.server.DaemonStateCoordinator] Command execution: finished waiting for DaemonCommandExecution[command = Build{id=9cee20e8-6a32-4ae3-aeff-0f0a3212c413, currentDir=C:\workspace-sts-5.3.0\bankaccount}, connection = DefaultDaemonConnection: socket connection from /127.0.0.1:62093 to /127.0.0.1:62089]. Result org.gradle.launcher.daemon.server.DaemonStateCoordinator@622bbd4c with state Busy
2026-09-11T17:16:34.991+0900 [DEBUG] [org.gradle.launcher.daemon.server.DaemonStateCoordinator] Command execution: completed DaemonCommandExecution[command = Build{id=9cee20e8-6a32-4ae3-aeff-0f0a3212c413, currentDir=C:\workspace-sts-5.3.0\bankaccount}, connection = DefaultDaemonConnection: socket connection from /127.0.0.1:62093 to /127.0.0.1:62089]
2026-09-11T17:16:34.991+0900 [DEBUG] [org.gradle.launcher.daemon.server.DaemonStateCoordinator] resetting idle timer
2026-09-11T17:16:34.991+0900 [INFO] [org.gradle.launcher.daemon.server.DaemonRegistryUpdater] Marking the daemon as idle, address: [65672acf-6178-4f03-8db1-db332ad503f0 port:62093, addresses:[localhost/127.0.0.1]]
2026-09-11T17:16:34.991+0900 [DEBUG] [org.gradle.launcher.daemon.registry.PersistentDaemonRegistry] Marking busy by address: [65672acf-6178-4f03-8db1-db332ad503f0 port:62093, addresses:[localhost/127.0.0.1]]
2026-09-11T17:16:34.991+0900 [DEBUG] [org.gradle.cache.internal.DefaultFileLockManager] Waiting to acquire exclusive lock on daemon addresses registry.
2026-09-11T17:16:34.992+0900 [DEBUG] [org.gradle.cache.internal.DefaultFileLockManager] Lock acquired on daemon addresses registry.
2026-09-11T17:16:34.992+0900 [DEBUG] [org.gradle.cache.internal.DefaultFileLockManager] Releasing lock on daemon addresses registry.
2026-09-11T17:16:34.992+0900 [DEBUG] [org.gradle.launcher.daemon.server.DaemonStateCoordinator] daemon is running. Sleeping until state changes.
2026-09-11T17:16:34.992+0900 [DEBUG] [org.gradle.launcher.daemon.server.exec.ReturnResult] Daemon is dispatching the build result: Success[value=org.gradle.launcher.exec.BuildActionResult@6d1437b7]
2026-09-11T17:16:34.992+0900 [DEBUG] [org.gradle.launcher.daemon.server.SynchronizedDispatchConnection] thread 40: dispatching Success[value=org.gradle.launcher.exec.BuildActionResult@6d1437b7]
2026-09-11T17:16:34.996+0900 [DEBUG] [org.gradle.launcher.daemon.server.DefaultIncomingConnectionHandler] Finishing executing command: Build{id=9cee20e8-6a32-4ae3-aeff-0f0a3212c413, currentDir=C:\workspace-sts-5.3.0\bankaccount}
2026-09-11T17:16:34.996+0900 [DEBUG] [org.gradle.launcher.daemon.server.exec.CleanUpVirtualFileSystemAfterBuild] Cleaning virtual file system after build finished
2026-09-11T17:16:35.012+0900 [DEBUG] [org.gradle.launcher.daemon.server.SynchronizedDispatchConnection] thread 163: received class org.gradle.launcher.daemon.protocol.CloseInput
2026-09-11T17:16:35.012+0900 [DEBUG] [org.gradle.launcher.daemon.server.DefaultDaemonConnection] thread 163: Received IO message from client: org.gradle.launcher.daemon.protocol.CloseInput@5ff027cc
2026-09-11T17:16:35.012+0900 [DEBUG] [org.gradle.launcher.daemon.server.SynchronizedDispatchConnection] thread 163: received class org.gradle.launcher.daemon.protocol.Finished
2026-09-11T17:16:35.013+0900 [DEBUG] [org.gradle.launcher.daemon.server.DefaultDaemonConnection] thread 163: Received non-IO message from client: org.gradle.launcher.daemon.protocol.Finished@5137c242
2026-09-11T17:16:35.013+0900 [DEBUG] [org.gradle.launcher.daemon.server.DefaultIncomingConnectionHandler] Received finished message: org.gradle.launcher.daemon.protocol.Finished@5137c242
2026-09-11T17:16:35.013+0900 [DEBUG] [org.gradle.launcher.daemon.server.SynchronizedDispatchConnection] thread 40: stopping connection
2026-09-11T17:16:35.013+0900 [DEBUG] [org.gradle.internal.remote.internal.inet.SocketConnection] Discarding EOFException: java.io.EOFException
2026-09-11T17:16:35.013+0900 [DEBUG] [org.gradle.launcher.daemon.server.SynchronizedDispatchConnection] thread 163: received null
2026-09-11T17:16:35.013+0900 [DEBUG] [org.gradle.launcher.daemon.server.DefaultDaemonConnection] thread 163: Received end-of-input from client.
2026-09-11T17:16:35.013+0900 [DEBUG] [org.gradle.launcher.daemon.server.SynchronizedDispatchConnection] thread 40: stopping connection
2026-09-11T17:16:35.364+0900 [DEBUG] [org.gradle.internal.remote.internal.inet.TcpIncomingConnector] Accepted connection from /127.0.0.1:62219 to /127.0.0.1:62093.
2026-09-11T17:16:35.410+0900 [DEBUG] [org.gradle.launcher.daemon.server.SynchronizedDispatchConnection] thread 224: received class org.gradle.launcher.daemon.protocol.Stop
2026-09-11T17:16:35.410+0900 [DEBUG] [org.gradle.launcher.daemon.server.DefaultDaemonConnection] thread 224: Received non-IO message from client: Stop[id=18ce84f7-99b3-4d35-800b-8cfbcdb85f40]
2026-09-11T17:16:35.410+0900 [INFO] [org.gradle.launcher.daemon.server.DefaultIncomingConnectionHandler] Received command: Stop[id=18ce84f7-99b3-4d35-800b-8cfbcdb85f40].
2026-09-11T17:16:35.410+0900 [DEBUG] [org.gradle.launcher.daemon.server.DefaultIncomingConnectionHandler] Starting executing command: Stop[id=18ce84f7-99b3-4d35-800b-8cfbcdb85f40] with connection: socket connection from /127.0.0.1:62093 to /127.0.0.1:62219.
2026-09-11T17:16:35.411+0900 [DEBUG] [org.gradle.launcher.daemon.server.DaemonRegistryUpdater] Storing daemon stop event: stop command received
2026-09-11T17:16:35.411+0900 [DEBUG] [org.gradle.launcher.daemon.registry.PersistentDaemonRegistry] Storing daemon stop event with timestamp 1789114595412
2026-09-11T17:16:35.412+0900 [DEBUG] [org.gradle.cache.internal.DefaultFileLockManager] Waiting to acquire exclusive lock on daemon addresses registry.
2026-09-11T17:16:35.412+0900 [DEBUG] [org.gradle.cache.internal.DefaultFileLockManager] Lock acquired on daemon addresses registry.
2026-09-11T17:16:35.413+0900 [DEBUG] [org.gradle.cache.internal.DefaultFileLockManager] Releasing lock on daemon addresses registry.
2026-09-11T17:16:35.413+0900 [LIFECYCLE] [org.gradle.launcher.daemon.server.DaemonStateCoordinator] Daemon is stopping immediately stop command received
2026-09-11T17:16:35.413+0900 [DEBUG] [org.gradle.launcher.daemon.server.DaemonStateCoordinator] Marking daemon stopped due to stop command received. The daemon is not running a build
2026-09-11T17:16:35.413+0900 [DEBUG] [org.gradle.launcher.daemon.server.SynchronizedDispatchConnection] thread 40: dispatching Success[value=null]
2026-09-11T17:16:35.413+0900 [DEBUG] [org.gradle.launcher.daemon.server.DaemonStateCoordinator] daemon has stopped.
2026-09-11T17:16:35.413+0900 [DEBUG] [org.gradle.launcher.daemon.server.DefaultIncomingConnectionHandler] Finishing executing command: Stop[id=18ce84f7-99b3-4d35-800b-8cfbcdb85f40]
2026-09-11T17:16:35.413+0900 [DEBUG] [org.gradle.launcher.daemon.server.SynchronizedDispatchConnection] thread 224: received class org.gradle.launcher.daemon.protocol.Finished
2026-09-11T17:16:35.413+0900 [DEBUG] [org.gradle.launcher.daemon.server.Daemon] stop() called on daemon
2026-09-11T17:16:35.413+0900 [INFO] [org.gradle.launcher.daemon.server.Daemon] Stop requested. Daemon is removing its presence from the registry...
2026-09-11T17:16:35.413+0900 [DEBUG] [org.gradle.launcher.daemon.server.DefaultDaemonConnection] thread 224: Received non-IO message from client: org.gradle.launcher.daemon.protocol.Finished@62ebb6f4
2026-09-11T17:16:35.414+0900 [DEBUG] [org.gradle.launcher.daemon.server.DaemonRegistryUpdater] Removing our presence to clients, eg. removing this address from the registry: [65672acf-6178-4f03-8db1-db332ad503f0 port:62093, addresses:[localhost/127.0.0.1]]
2026-09-11T17:16:35.414+0900 [DEBUG] [org.gradle.launcher.daemon.server.DefaultIncomingConnectionHandler] Received finished message: org.gradle.launcher.daemon.protocol.Finished@62ebb6f4
2026-09-11T17:16:35.414+0900 [DEBUG] [org.gradle.launcher.daemon.registry.PersistentDaemonRegistry] Removing daemon address: [65672acf-6178-4f03-8db1-db332ad503f0 port:62093, addresses:[localhost/127.0.0.1]]
2026-09-11T17:16:35.414+0900 [DEBUG] [org.gradle.launcher.daemon.server.SynchronizedDispatchConnection] thread 40: stopping connection
2026-09-11T17:16:35.414+0900 [DEBUG] [org.gradle.internal.remote.internal.inet.SocketConnection] Discarding EOFException: java.io.EOFException
2026-09-11T17:16:35.414+0900 [DEBUG] [org.gradle.launcher.daemon.server.SynchronizedDispatchConnection] thread 224: received null
2026-09-11T17:16:35.414+0900 [DEBUG] [org.gradle.launcher.daemon.server.DefaultDaemonConnection] thread 224: Received end-of-input from client.
2026-09-11T17:16:35.414+0900 [DEBUG] [org.gradle.launcher.daemon.server.SynchronizedDispatchConnection] thread 40: stopping connection
2026-09-11T17:16:35.417+0900 [DEBUG] [org.gradle.cache.internal.DefaultFileLockManager] Waiting to acquire exclusive lock on daemon addresses registry.
2026-09-11T17:16:35.417+0900 [DEBUG] [org.gradle.cache.internal.DefaultFileLockManager] The file lock for daemon addresses registry is held by a different process. I was unable to read on which port the owner listens for lock access requests.
2026-09-11T17:16:35.446+0900 [DEBUG] [org.gradle.cache.internal.DefaultFileLockManager] Lock acquired on daemon addresses registry.
2026-09-11T17:16:35.446+0900 [DEBUG] [org.gradle.cache.internal.DefaultFileLockManager] Releasing lock on daemon addresses registry.
2026-09-11T17:16:35.447+0900 [DEBUG] [org.gradle.launcher.daemon.server.DaemonRegistryUpdater] Address removed from registry.
2026-09-11T17:16:35.448+0900 [DEBUG] [org.gradle.cache.internal.LockOnDemandCrossProcessCacheAccess] Releasing file lock for jars (C:\workspace-sts-5.3.0\bankaccount\.gradle-user\caches\jars-9)
2026-09-11T17:16:35.448+0900 [DEBUG] [org.gradle.cache.internal.DefaultFileLockManager] Releasing lock on jars (C:\workspace-sts-5.3.0\bankaccount\.gradle-user\caches\jars-9).
2026-09-11T17:16:35.448+0900 [DEBUG] [org.gradle.cache.internal.DefaultCacheCleanupExecutor] jars (C:\workspace-sts-5.3.0\bankaccount\.gradle-user\caches\jars-9) has last been fully cleaned up 0 hours ago
2026-09-11T17:16:35.448+0900 [DEBUG] [org.gradle.cache.internal.DefaultCacheCleanupExecutor] Skipping cleanup for jars (C:\workspace-sts-5.3.0\bankaccount\.gradle-user\caches\jars-9) as it is not yet due
2026-09-11T17:16:35.449+0900 [DEBUG] [org.gradle.cache.internal.LockOnDemandCrossProcessCacheAccess] Releasing file lock for file content cache (C:\workspace-sts-5.3.0\bankaccount\.gradle-user\caches\9.7.1\fileContent)
2026-09-11T17:16:35.449+0900 [DEBUG] [org.gradle.cache.internal.btree.BTreePersistentIndexedCache] Closing cache annotation-processors.bin (C:\workspace-sts-5.3.0\bankaccount\.gradle-user\caches\9.7.1\fileContent\annotation-processors.bin)
2026-09-11T17:16:35.449+0900 [DEBUG] [org.gradle.cache.internal.DefaultFileLockManager] Releasing lock on file content cache (C:\workspace-sts-5.3.0\bankaccount\.gradle-user\caches\9.7.1\fileContent).
2026-09-11T17:16:35.449+0900 [DEBUG] [org.gradle.internal.watch.vfs.impl.WatchingVirtualFileSystem] Closing VFS, dropping state
2026-09-11T17:16:35.450+0900 [DEBUG] [org.gradle.cache.internal.DefaultCacheCoordinator] Cache Generated Gradle JARs cache (C:\workspace-sts-5.3.0\bankaccount\.gradle-user\caches\9.7.1\generated-gradle-jars) was closed 0 times.
2026-09-11T17:16:35.450+0900 [DEBUG] [org.gradle.internal.watch.registry.impl.DefaultFileWatcherRegistry] Finished listening to file system change events
2026-09-11T17:16:35.450+0900 [DEBUG] [org.gradle.cache.internal.LockOnDemandCrossProcessCacheAccess] Releasing file lock for artifact cache (C:\workspace-sts-5.3.0\bankaccount\.gradle-user\caches\modules-2)
2026-09-11T17:16:35.450+0900 [DEBUG] [org.gradle.cache.internal.btree.BTreePersistentIndexedCache] Closing cache module-artifact.bin (C:\workspace-sts-5.3.0\bankaccount\.gradle-user\caches\modules-2\metadata-2.107\module-artifact.bin)
2026-09-11T17:16:35.450+0900 [DEBUG] [org.gradle.cache.internal.btree.BTreePersistentIndexedCache] Closing cache module-metadata.bin (C:\workspace-sts-5.3.0\bankaccount\.gradle-user\caches\modules-2\metadata-2.107\module-metadata.bin)
2026-09-11T17:16:35.450+0900 [DEBUG] [org.gradle.cache.internal.btree.BTreePersistentIndexedCache] Closing cache resource-at-url.bin (C:\workspace-sts-5.3.0\bankaccount\.gradle-user\caches\modules-2\metadata-2.107\resource-at-url.bin)
2026-09-11T17:16:35.451+0900 [DEBUG] [org.gradle.cache.internal.DefaultFileLockManager] Releasing lock on artifact cache (C:\workspace-sts-5.3.0\bankaccount\.gradle-user\caches\modules-2).
2026-09-11T17:16:35.451+0900 [DEBUG] [org.gradle.cache.internal.DefaultCacheCleanupExecutor] artifact cache (C:\workspace-sts-5.3.0\bankaccount\.gradle-user\caches\modules-2) has last been fully cleaned up 0 hours ago
2026-09-11T17:16:35.451+0900 [DEBUG] [org.gradle.cache.internal.DefaultCacheCleanupExecutor] Skipping cleanup for artifact cache (C:\workspace-sts-5.3.0\bankaccount\.gradle-user\caches\modules-2) as it is not yet due
2026-09-11T17:16:35.451+0900 [DEBUG] [org.gradle.cache.internal.DefaultCacheCoordinator] Cache artifact cache (C:\workspace-sts-5.3.0\bankaccount\.gradle-user\caches\modules-2) was closed 2 times.
2026-09-11T17:16:35.451+0900 [DEBUG] [org.gradle.cache.internal.DefaultCacheCleanupExecutor] groovy-dsl has last been fully cleaned up 0 hours ago
2026-09-11T17:16:35.451+0900 [DEBUG] [org.gradle.cache.internal.DefaultCacheCleanupExecutor] Skipping cleanup for groovy-dsl as it is not yet due
2026-09-11T17:16:35.451+0900 [DEBUG] [org.gradle.cache.internal.DefaultCacheCleanupExecutor] Artifact transforms cache has last been fully cleaned up 0 hours ago
2026-09-11T17:16:35.451+0900 [DEBUG] [org.gradle.cache.internal.DefaultCacheCleanupExecutor] Skipping cleanup for Artifact transforms cache as it is not yet due
2026-09-11T17:16:35.451+0900 [DEBUG] [org.gradle.cache.internal.LockOnDemandCrossProcessCacheAccess] Releasing file lock for journal cache (C:\workspace-sts-5.3.0\bankaccount\.gradle-user\caches\journal-1)
2026-09-11T17:16:35.451+0900 [DEBUG] [org.gradle.cache.internal.btree.BTreePersistentIndexedCache] Closing cache file-access.bin (C:\workspace-sts-5.3.0\bankaccount\.gradle-user\caches\journal-1\file-access.bin)
2026-09-11T17:16:35.452+0900 [DEBUG] [org.gradle.cache.internal.DefaultFileLockManager] Releasing lock on journal cache (C:\workspace-sts-5.3.0\bankaccount\.gradle-user\caches\journal-1).
2026-09-11T17:16:35.452+0900 [DEBUG] [org.gradle.cache.internal.DefaultCacheCoordinator] Cache journal cache (C:\workspace-sts-5.3.0\bankaccount\.gradle-user\caches\journal-1) was closed 2 times.
2026-09-11T17:16:35.452+0900 [DEBUG] [org.gradle.cache.internal.LockOnDemandCrossProcessCacheAccess] Releasing file lock for file hash cache (C:\workspace-sts-5.3.0\bankaccount\.gradle-user\caches\9.7.1\fileHashes)
2026-09-11T17:16:35.453+0900 [DEBUG] [org.gradle.cache.internal.btree.BTreePersistentIndexedCache] Closing cache fileHashes.bin (C:\workspace-sts-5.3.0\bankaccount\.gradle-user\caches\9.7.1\fileHashes\fileHashes.bin)
2026-09-11T17:16:35.453+0900 [DEBUG] [org.gradle.cache.internal.btree.BTreePersistentIndexedCache] Closing cache resourceHashesCache.bin (C:\workspace-sts-5.3.0\bankaccount\.gradle-user\caches\9.7.1\fileHashes\resourceHashesCache.bin)
2026-09-11T17:16:35.453+0900 [DEBUG] [org.gradle.cache.internal.DefaultFileLockManager] Releasing lock on file hash cache (C:\workspace-sts-5.3.0\bankaccount\.gradle-user\caches\9.7.1\fileHashes).
2026-09-11T17:16:35.453+0900 [DEBUG] [org.gradle.cache.internal.DefaultCacheCoordinator] Cache file hash cache (C:\workspace-sts-5.3.0\bankaccount\.gradle-user\caches\9.7.1\fileHashes) was closed 3 times.
2026-09-11T17:16:35.453+0900 [DEBUG] [org.gradle.cache.internal.LockOnDemandCrossProcessCacheAccess] Releasing file lock for Java compile cache (C:\workspace-sts-5.3.0\bankaccount\.gradle-user\caches\9.7.1\javaCompile)
2026-09-11T17:16:35.453+0900 [DEBUG] [org.gradle.cache.internal.btree.BTreePersistentIndexedCache] Closing cache jarAnalysis.bin (C:\workspace-sts-5.3.0\bankaccount\.gradle-user\caches\9.7.1\javaCompile\jarAnalysis.bin)
2026-09-11T17:16:35.453+0900 [DEBUG] [org.gradle.cache.internal.btree.BTreePersistentIndexedCache] Closing cache classAnalysis.bin (C:\workspace-sts-5.3.0\bankaccount\.gradle-user\caches\9.7.1\javaCompile\classAnalysis.bin)
2026-09-11T17:16:35.453+0900 [DEBUG] [org.gradle.cache.internal.DefaultFileLockManager] Releasing lock on Java compile cache (C:\workspace-sts-5.3.0\bankaccount\.gradle-user\caches\9.7.1\javaCompile).
2026-09-11T17:16:35.454+0900 [DEBUG] [org.gradle.internal.operations.DefaultBuildOperationRunner] Build operation 'Deleting unused version-specific caches in C:\workspace-sts-5.3.0\bankaccount\.gradle-user\caches' started
2026-09-11T17:16:35.454+0900 [DEBUG] [org.gradle.internal.operations.DefaultBuildOperationRunner] Completing Build operation 'Deleting unused version-specific caches in C:\workspace-sts-5.3.0\bankaccount\.gradle-user\caches'
2026-09-11T17:16:35.454+0900 [DEBUG] [org.gradle.internal.operations.DefaultBuildOperationRunner] Build operation 'Deleting unused version-specific caches in C:\workspace-sts-5.3.0\bankaccount\.gradle-user\caches' completed
2026-09-11T17:16:35.454+0900 [DEBUG] [org.gradle.launcher.daemon.server.Daemon] stop() called on daemon
2026-09-11T17:16:35.454+0900 [INFO] [org.gradle.launcher.daemon.server.Daemon] Stop requested. Daemon is removing its presence from the registry...
2026-09-11T17:16:35.454+0900 [DEBUG] [org.gradle.launcher.daemon.server.DaemonRegistryUpdater] Removing our presence to clients, eg. removing this address from the registry: [65672acf-6178-4f03-8db1-db332ad503f0 port:62093, addresses:[localhost/127.0.0.1]]
2026-09-11T17:16:35.454+0900 [DEBUG] [org.gradle.launcher.daemon.registry.PersistentDaemonRegistry] Removing daemon address: [65672acf-6178-4f03-8db1-db332ad503f0 port:62093, addresses:[localhost/127.0.0.1]]
2026-09-11T17:16:35.460+0900 [DEBUG] [org.gradle.cache.internal.DefaultFileLockManager] Waiting to acquire exclusive lock on daemon addresses registry.
2026-09-11T17:16:35.460+0900 [DEBUG] [org.gradle.cache.internal.DefaultFileLockManager] Lock acquired on daemon addresses registry.
2026-09-11T17:16:35.464+0900 [DEBUG] [org.gradle.cache.internal.DefaultFileLockManager] Releasing lock on daemon addresses registry.
2026-09-11T17:16:35.464+0900 [DEBUG] [org.gradle.launcher.daemon.server.DaemonRegistryUpdater] Address removed from registry.
2026-09-11T17:16:35.465+0900 [DEBUG] [org.gradle.cache.internal.locklistener.DefaultFileLockContentionHandler] File lock listener thread completed.
2026-09-11T17:16:35.465+0900 [DEBUG] [java.lang.Runtime] Runtime.exit() called with status: 0
java.lang.Throwable: Runtime.exit(0)
	at java.base/java.lang.Shutdown.logRuntimeExit(Shutdown.java:179)
	at java.base/java.lang.Shutdown.exit(Shutdown.java:160)
	at java.base/java.lang.Runtime.exit(Runtime.java:188)
	at java.base/java.lang.System.exit(System.java:1921)
	at org.gradle.launcher.bootstrap.ProcessCompleter.complete(ProcessCompleter.java:21)
	at org.gradle.launcher.bootstrap.EntryPoint.run(EntryPoint.java:62)
	at java.base/jdk.internal.reflect.DirectMethodHandleAccessor.invoke(DirectMethodHandleAccessor.java:103)
	at java.base/java.lang.reflect.Method.invoke(Method.java:580)
	at org.gradle.launcher.bootstrap.ProcessBootstrap.runNoExit(ProcessBootstrap.java:72)
	at org.gradle.launcher.bootstrap.ProcessBootstrap.run(ProcessBootstrap.java:39)
	at org.gradle.launcher.daemon.bootstrap.GradleDaemon.main(GradleDaemon.java:23)
Daemon vm is shutting down... The daemon has exited normally or was terminated in response to a user interrupt.
2026-09-11T17:16:35.466+0900 [DEBUG] [org.gradle.launcher.daemon.registry.PersistentDaemonRegistry] Removing daemon address: [65672acf-6178-4f03-8db1-db332ad503f0 port:62093, addresses:[localhost/127.0.0.1]]
2026-09-11T17:16:35.466+0900 [DEBUG] [org.gradle.launcher.daemon.server.Daemon] VM shutdown hook was unable to remove the daemon address from the registry. It will be cleaned up later.
java.lang.IllegalStateException: Cannot start managing file contention because this handler has been closed.
	at org.gradle.cache.internal.locklistener.DefaultFileLockContentionHandler.assertNotStopped(DefaultFileLockContentionHandler.java:267)
	at org.gradle.cache.internal.locklistener.DefaultFileLockContentionHandler.reservePort(DefaultFileLockContentionHandler.java:312)
	at org.gradle.cache.internal.DefaultFileLockManager.lock(DefaultFileLockManager.java:127)
	at org.gradle.cache.internal.DefaultFileLockManager.lock(DefaultFileLockManager.java:109)
	at org.gradle.cache.internal.DefaultFileLockManager.lock(DefaultFileLockManager.java:104)
	at org.gradle.cache.internal.OnDemandFileAccess.updateFile(OnDemandFileAccess.java:51)
	at org.gradle.cache.internal.FileBackedObjectHolder.update(FileBackedObjectHolder.java:77)
	at org.gradle.cache.internal.FileIntegrityViolationSuppressingObjectHolderDecorator.lambda$update$0(FileIntegrityViolationSuppressingObjectHolderDecorator.java:48)
	at org.gradle.cache.internal.FileIntegrityViolationSuppressingObjectHolderDecorator.doUpdate(FileIntegrityViolationSuppressingObjectHolderDecorator.java:58)
	at org.gradle.cache.internal.FileIntegrityViolationSuppressingObjectHolderDecorator.update(FileIntegrityViolationSuppressingObjectHolderDecorator.java:48)
	at org.gradle.launcher.daemon.registry.PersistentDaemonRegistry.remove(PersistentDaemonRegistry.java:133)
	at org.gradle.launcher.daemon.server.Daemon$1.run(Daemon.java:133)
	at java.base/java.lang.Thread.run(Thread.java:1583)
